// Jest Snapshot v1, https://goo.gl/fbAQLP

exports[`SubGenerator app of ionic JHipster blueprint run should succeed 1`] = `
Object {
  "../ionic4j/.browserslistrc": Object {
    "stateCleared": "modified",
  },
  "../ionic4j/.editorconfig": Object {
    "stateCleared": "modified",
  },
  "../ionic4j/.eslintrc.json": Object {
    "stateCleared": "modified",
  },
  "../ionic4j/.gitattributes": Object {
    "stateCleared": "modified",
  },
  "../ionic4j/.gitignore": Object {
    "stateCleared": "modified",
  },
  "../ionic4j/.husky/pre-commit": Object {
    "stateCleared": "modified",
  },
  "../ionic4j/.lintstagedrc.cjs": Object {
    "stateCleared": "modified",
  },
  "../ionic4j/.prettierignore": Object {
    "stateCleared": "modified",
  },
  "../ionic4j/.prettierrc.yml": Object {
    "stateCleared": "modified",
  },
  "../ionic4j/.yo-rc.json": Object {
    "stateCleared": "modified",
  },
  "../ionic4j/LICENSE": Object {
    "stateCleared": "modified",
  },
  "../ionic4j/README.md": Object {
    "stateCleared": "modified",
  },
  "../ionic4j/angular.json": Object {
    "stateCleared": "modified",
  },
  "../ionic4j/capacitor.config.ts": Object {
    "stateCleared": "modified",
  },
  "../ionic4j/e2e/pages/app.po.ts": Object {
    "stateCleared": "modified",
  },
  "../ionic4j/e2e/pages/login.po.ts": Object {
    "stateCleared": "modified",
  },
  "../ionic4j/e2e/protractor.conf.js": Object {
    "stateCleared": "modified",
  },
  "../ionic4j/e2e/spec/app.e2e-spec.ts": Object {
    "stateCleared": "modified",
  },
  "../ionic4j/e2e/spec/login.e2e-spec.ts": Object {
    "stateCleared": "modified",
  },
  "../ionic4j/e2e/tsconfig.json": Object {
    "stateCleared": "modified",
  },
  "../ionic4j/ionic.config.json": Object {
    "stateCleared": "modified",
  },
  "../ionic4j/karma.conf.js": Object {
    "stateCleared": "modified",
  },
  "../ionic4j/package.json": Object {
    "stateCleared": "modified",
  },
  "../ionic4j/src/app/app-routing.module.ts": Object {
    "stateCleared": "modified",
  },
  "../ionic4j/src/app/app.component.html": Object {
    "stateCleared": "modified",
  },
  "../ionic4j/src/app/app.component.scss": Object {
    "stateCleared": "modified",
  },
  "../ionic4j/src/app/app.component.spec.ts": Object {
    "stateCleared": "modified",
  },
  "../ionic4j/src/app/app.component.ts": Object {
    "stateCleared": "modified",
  },
  "../ionic4j/src/app/app.module.ts": Object {
    "stateCleared": "modified",
  },
  "../ionic4j/src/app/interceptors/auth-expired.interceptor.ts": Object {
    "stateCleared": "modified",
  },
  "../ionic4j/src/app/interceptors/auth.interceptor.ts": Object {
    "stateCleared": "modified",
  },
  "../ionic4j/src/app/pages/account/account.module.ts": Object {
    "stateCleared": "modified",
  },
  "../ionic4j/src/app/pages/account/account.page.html": Object {
    "stateCleared": "modified",
  },
  "../ionic4j/src/app/pages/account/account.page.scss": Object {
    "stateCleared": "modified",
  },
  "../ionic4j/src/app/pages/account/account.page.spec.ts": Object {
    "stateCleared": "modified",
  },
  "../ionic4j/src/app/pages/account/account.page.ts": Object {
    "stateCleared": "modified",
  },
  "../ionic4j/src/app/pages/entities/entities.module.ts": Object {
    "stateCleared": "modified",
  },
  "../ionic4j/src/app/pages/entities/entities.page.html": Object {
    "stateCleared": "modified",
  },
  "../ionic4j/src/app/pages/entities/entities.page.scss": Object {
    "stateCleared": "modified",
  },
  "../ionic4j/src/app/pages/entities/entities.page.spec.ts": Object {
    "stateCleared": "modified",
  },
  "../ionic4j/src/app/pages/entities/entities.page.ts": Object {
    "stateCleared": "modified",
  },
  "../ionic4j/src/app/pages/home/home.module.ts": Object {
    "stateCleared": "modified",
  },
  "../ionic4j/src/app/pages/home/home.page.html": Object {
    "stateCleared": "modified",
  },
  "../ionic4j/src/app/pages/home/home.page.scss": Object {
    "stateCleared": "modified",
  },
  "../ionic4j/src/app/pages/home/home.page.spec.ts": Object {
    "stateCleared": "modified",
  },
  "../ionic4j/src/app/pages/home/home.page.ts": Object {
    "stateCleared": "modified",
  },
  "../ionic4j/src/app/pages/login/login.module.ts": Object {
    "stateCleared": "modified",
  },
  "../ionic4j/src/app/pages/login/login.page.html": Object {
    "stateCleared": "modified",
  },
  "../ionic4j/src/app/pages/login/login.page.scss": Object {
    "stateCleared": "modified",
  },
  "../ionic4j/src/app/pages/login/login.page.spec.ts": Object {
    "stateCleared": "modified",
  },
  "../ionic4j/src/app/pages/login/login.page.ts": Object {
    "stateCleared": "modified",
  },
  "../ionic4j/src/app/pages/signup/signup.module.ts": Object {
    "stateCleared": "modified",
  },
  "../ionic4j/src/app/pages/signup/signup.page.html": Object {
    "stateCleared": "modified",
  },
  "../ionic4j/src/app/pages/signup/signup.page.scss": Object {
    "stateCleared": "modified",
  },
  "../ionic4j/src/app/pages/signup/signup.page.spec.ts": Object {
    "stateCleared": "modified",
  },
  "../ionic4j/src/app/pages/signup/signup.page.ts": Object {
    "stateCleared": "modified",
  },
  "../ionic4j/src/app/pages/tabs/tabs.module.ts": Object {
    "stateCleared": "modified",
  },
  "../ionic4j/src/app/pages/tabs/tabs.page.html": Object {
    "stateCleared": "modified",
  },
  "../ionic4j/src/app/pages/tabs/tabs.page.scss": Object {
    "stateCleared": "modified",
  },
  "../ionic4j/src/app/pages/tabs/tabs.page.spec.ts": Object {
    "stateCleared": "modified",
  },
  "../ionic4j/src/app/pages/tabs/tabs.page.ts": Object {
    "stateCleared": "modified",
  },
  "../ionic4j/src/app/pages/tabs/tabs.router.module.ts": Object {
    "stateCleared": "modified",
  },
  "../ionic4j/src/app/pages/welcome/welcome.module.ts": Object {
    "stateCleared": "modified",
  },
  "../ionic4j/src/app/pages/welcome/welcome.page.html": Object {
    "stateCleared": "modified",
  },
  "../ionic4j/src/app/pages/welcome/welcome.page.scss": Object {
    "stateCleared": "modified",
  },
  "../ionic4j/src/app/pages/welcome/welcome.page.spec.ts": Object {
    "stateCleared": "modified",
  },
  "../ionic4j/src/app/pages/welcome/welcome.page.ts": Object {
    "stateCleared": "modified",
  },
  "../ionic4j/src/app/services/api/api.service.spec.ts": Object {
    "stateCleared": "modified",
  },
  "../ionic4j/src/app/services/api/api.service.ts": Object {
    "stateCleared": "modified",
  },
  "../ionic4j/src/app/services/auth/account.service.spec.ts": Object {
    "stateCleared": "modified",
  },
  "../ionic4j/src/app/services/auth/account.service.ts": Object {
    "stateCleared": "modified",
  },
  "../ionic4j/src/app/services/auth/auth-jwt.service.spec.ts": Object {
    "stateCleared": "modified",
  },
  "../ionic4j/src/app/services/auth/auth-jwt.service.ts": Object {
    "stateCleared": "modified",
  },
  "../ionic4j/src/app/services/auth/user-route-access.service.spec.ts": Object {
    "stateCleared": "modified",
  },
  "../ionic4j/src/app/services/auth/user-route-access.service.ts": Object {
    "stateCleared": "modified",
  },
  "../ionic4j/src/app/services/login/login.service.spec.ts": Object {
    "stateCleared": "modified",
  },
  "../ionic4j/src/app/services/login/login.service.ts": Object {
    "stateCleared": "modified",
  },
  "../ionic4j/src/app/services/user/user.model.ts": Object {
    "stateCleared": "modified",
  },
  "../ionic4j/src/app/services/user/user.service.spec.ts": Object {
    "stateCleared": "modified",
  },
  "../ionic4j/src/app/services/user/user.service.ts": Object {
    "stateCleared": "modified",
  },
  "../ionic4j/src/app/services/utils/data-util.service.spec.ts": Object {
    "stateCleared": "modified",
  },
  "../ionic4j/src/app/services/utils/data-util.service.ts": Object {
    "stateCleared": "modified",
  },
  "../ionic4j/src/app/shared/index.ts": Object {
    "stateCleared": "modified",
  },
  "../ionic4j/src/app/shared/util/request-util.ts": Object {
    "stateCleared": "modified",
  },
  "../ionic4j/src/assets/i18n/ar.json": Object {
    "stateCleared": "modified",
  },
  "../ionic4j/src/assets/i18n/bs.json": Object {
    "stateCleared": "modified",
  },
  "../ionic4j/src/assets/i18n/by.json": Object {
    "stateCleared": "modified",
  },
  "../ionic4j/src/assets/i18n/da.json": Object {
    "stateCleared": "modified",
  },
  "../ionic4j/src/assets/i18n/de.json": Object {
    "stateCleared": "modified",
  },
  "../ionic4j/src/assets/i18n/el.json": Object {
    "stateCleared": "modified",
  },
  "../ionic4j/src/assets/i18n/en.json": Object {
    "stateCleared": "modified",
  },
  "../ionic4j/src/assets/i18n/es-eu.json": Object {
    "stateCleared": "modified",
  },
  "../ionic4j/src/assets/i18n/es.json": Object {
    "stateCleared": "modified",
  },
  "../ionic4j/src/assets/i18n/fil.json": Object {
    "stateCleared": "modified",
  },
  "../ionic4j/src/assets/i18n/fr.json": Object {
    "stateCleared": "modified",
  },
  "../ionic4j/src/assets/i18n/he.json": Object {
    "stateCleared": "modified",
  },
  "../ionic4j/src/assets/i18n/it.json": Object {
    "stateCleared": "modified",
  },
  "../ionic4j/src/assets/i18n/ja.json": Object {
    "stateCleared": "modified",
  },
  "../ionic4j/src/assets/i18n/nb.json": Object {
    "stateCleared": "modified",
  },
  "../ionic4j/src/assets/i18n/nl.json": Object {
    "stateCleared": "modified",
  },
  "../ionic4j/src/assets/i18n/pl.json": Object {
    "stateCleared": "modified",
  },
  "../ionic4j/src/assets/i18n/pt-PT.json": Object {
    "stateCleared": "modified",
  },
  "../ionic4j/src/assets/i18n/pt-br.json": Object {
    "stateCleared": "modified",
  },
  "../ionic4j/src/assets/i18n/ru.json": Object {
    "stateCleared": "modified",
  },
  "../ionic4j/src/assets/i18n/sk.json": Object {
    "stateCleared": "modified",
  },
  "../ionic4j/src/assets/i18n/sl.json": Object {
    "stateCleared": "modified",
  },
  "../ionic4j/src/assets/i18n/sn.json": Object {
    "stateCleared": "modified",
  },
  "../ionic4j/src/assets/i18n/sv.json": Object {
    "stateCleared": "modified",
  },
  "../ionic4j/src/assets/i18n/th.json": Object {
    "stateCleared": "modified",
  },
  "../ionic4j/src/assets/i18n/tr.json": Object {
    "stateCleared": "modified",
  },
  "../ionic4j/src/assets/i18n/ua.json": Object {
    "stateCleared": "modified",
  },
  "../ionic4j/src/assets/icon/favicon.png": Object {
    "stateCleared": "modified",
  },
  "../ionic4j/src/assets/img/appicon.png": Object {
    "stateCleared": "modified",
  },
  "../ionic4j/src/assets/img/hipster.png": Object {
    "stateCleared": "modified",
  },
  "../ionic4j/src/assets/img/hipster2x.png": Object {
    "stateCleared": "modified",
  },
  "../ionic4j/src/assets/img/ionic-logo.png": Object {
    "stateCleared": "modified",
  },
  "../ionic4j/src/assets/img/jhipster-logo.png": Object {
    "stateCleared": "modified",
  },
  "../ionic4j/src/assets/img/jhipster_family_member_0.svg": Object {
    "stateCleared": "modified",
  },
  "../ionic4j/src/assets/img/jhipster_family_member_0_head-192.png": Object {
    "stateCleared": "modified",
  },
  "../ionic4j/src/assets/img/jhipster_family_member_0_head-256.png": Object {
    "stateCleared": "modified",
  },
  "../ionic4j/src/assets/img/jhipster_family_member_0_head-384.png": Object {
    "stateCleared": "modified",
  },
  "../ionic4j/src/assets/img/jhipster_family_member_0_head-512.png": Object {
    "stateCleared": "modified",
  },
  "../ionic4j/src/assets/img/jhipster_family_member_1.svg": Object {
    "stateCleared": "modified",
  },
  "../ionic4j/src/assets/img/jhipster_family_member_1_head-192.png": Object {
    "stateCleared": "modified",
  },
  "../ionic4j/src/assets/img/jhipster_family_member_1_head-256.png": Object {
    "stateCleared": "modified",
  },
  "../ionic4j/src/assets/img/jhipster_family_member_1_head-384.png": Object {
    "stateCleared": "modified",
  },
  "../ionic4j/src/assets/img/jhipster_family_member_1_head-512.png": Object {
    "stateCleared": "modified",
  },
  "../ionic4j/src/assets/img/jhipster_family_member_2.svg": Object {
    "stateCleared": "modified",
  },
  "../ionic4j/src/assets/img/jhipster_family_member_2_head-192.png": Object {
    "stateCleared": "modified",
  },
  "../ionic4j/src/assets/img/jhipster_family_member_2_head-256.png": Object {
    "stateCleared": "modified",
  },
  "../ionic4j/src/assets/img/jhipster_family_member_2_head-384.png": Object {
    "stateCleared": "modified",
  },
  "../ionic4j/src/assets/img/jhipster_family_member_2_head-512.png": Object {
    "stateCleared": "modified",
  },
  "../ionic4j/src/assets/img/jhipster_family_member_3.svg": Object {
    "stateCleared": "modified",
  },
  "../ionic4j/src/assets/img/jhipster_family_member_3_head-192.png": Object {
    "stateCleared": "modified",
  },
  "../ionic4j/src/assets/img/jhipster_family_member_3_head-256.png": Object {
    "stateCleared": "modified",
  },
  "../ionic4j/src/assets/img/jhipster_family_member_3_head-384.png": Object {
    "stateCleared": "modified",
  },
  "../ionic4j/src/assets/img/jhipster_family_member_3_head-512.png": Object {
    "stateCleared": "modified",
  },
  "../ionic4j/src/assets/img/logo.png": Object {
    "stateCleared": "modified",
  },
  "../ionic4j/src/assets/shapes.svg": Object {
    "stateCleared": "modified",
  },
  "../ionic4j/src/environments/environment.prod.ts": Object {
    "stateCleared": "modified",
  },
  "../ionic4j/src/environments/environment.ts": Object {
    "stateCleared": "modified",
  },
  "../ionic4j/src/global.scss": Object {
    "stateCleared": "modified",
  },
  "../ionic4j/src/index.html": Object {
    "stateCleared": "modified",
  },
  "../ionic4j/src/jestGlobalMocks.ts": Object {
    "stateCleared": "modified",
  },
  "../ionic4j/src/main.ts": Object {
    "stateCleared": "modified",
  },
  "../ionic4j/src/model/account.model.ts": Object {
    "stateCleared": "modified",
  },
  "../ionic4j/src/model/base-entity.ts": Object {
    "stateCleared": "modified",
  },
  "../ionic4j/src/polyfills.ts": Object {
    "stateCleared": "modified",
  },
  "../ionic4j/src/setupJest.ts": Object {
    "stateCleared": "modified",
  },
  "../ionic4j/src/setupTests.js": Object {
    "stateCleared": "modified",
  },
  "../ionic4j/src/test.ts": Object {
    "stateCleared": "modified",
  },
  "../ionic4j/src/theme/variables.scss": Object {
    "stateCleared": "modified",
  },
  "../ionic4j/src/zone-flags.ts": Object {
    "stateCleared": "modified",
  },
  "../ionic4j/tsconfig.app.json": Object {
    "stateCleared": "modified",
  },
  "../ionic4j/tsconfig.json": Object {
    "stateCleared": "modified",
  },
  "../ionic4j/tsconfig.spec.json": Object {
    "stateCleared": "modified",
  },
  "../ionic4j/tslint.json": Object {
    "stateCleared": "modified",
  },
  "../ionic4j/welcome.message.js": Object {
    "stateCleared": "modified",
  },
  ".editorconfig": Object {
    "stateCleared": "modified",
  },
  ".gitattributes": Object {
    "stateCleared": "modified",
  },
  ".gitignore": Object {
    "stateCleared": "modified",
  },
  ".husky/pre-commit": Object {
    "stateCleared": "modified",
  },
  ".lintstagedrc.js": Object {
    "stateCleared": "modified",
  },
  ".prettierignore": Object {
    "stateCleared": "modified",
  },
  ".prettierrc": Object {
    "stateCleared": "modified",
  },
  ".yo-rc.json": Object {
    "stateCleared": "modified",
  },
  "README.md": Object {
    "stateCleared": "modified",
  },
  "package.json": Object {
    "stateCleared": "modified",
  },
  "sonar-project.properties": Object {
    "stateCleared": "modified",
  },
}
`;

exports[`SubGenerator app of ionic JHipster blueprint with custom ionic path should succeed 1`] = `
Object {
  "../ionic-app/.browserslistrc": Object {
    "stateCleared": "modified",
  },
  "../ionic-app/.editorconfig": Object {
    "stateCleared": "modified",
  },
  "../ionic-app/.eslintrc.json": Object {
    "stateCleared": "modified",
  },
  "../ionic-app/.gitattributes": Object {
    "stateCleared": "modified",
  },
  "../ionic-app/.gitignore": Object {
    "stateCleared": "modified",
  },
  "../ionic-app/.husky/pre-commit": Object {
    "stateCleared": "modified",
  },
  "../ionic-app/.lintstagedrc.cjs": Object {
    "stateCleared": "modified",
  },
  "../ionic-app/.prettierignore": Object {
    "stateCleared": "modified",
  },
  "../ionic-app/.prettierrc.yml": Object {
    "stateCleared": "modified",
  },
  "../ionic-app/.yo-rc.json": Object {
    "stateCleared": "modified",
  },
  "../ionic-app/LICENSE": Object {
    "stateCleared": "modified",
  },
  "../ionic-app/README.md": Object {
    "stateCleared": "modified",
  },
  "../ionic-app/angular.json": Object {
    "stateCleared": "modified",
  },
  "../ionic-app/capacitor.config.ts": Object {
    "stateCleared": "modified",
  },
  "../ionic-app/e2e/pages/app.po.ts": Object {
    "stateCleared": "modified",
  },
  "../ionic-app/e2e/pages/login.po.ts": Object {
    "stateCleared": "modified",
  },
  "../ionic-app/e2e/protractor.conf.js": Object {
    "stateCleared": "modified",
  },
  "../ionic-app/e2e/spec/app.e2e-spec.ts": Object {
    "stateCleared": "modified",
  },
  "../ionic-app/e2e/spec/login.e2e-spec.ts": Object {
    "stateCleared": "modified",
  },
  "../ionic-app/e2e/tsconfig.json": Object {
    "stateCleared": "modified",
  },
  "../ionic-app/ionic.config.json": Object {
    "stateCleared": "modified",
  },
  "../ionic-app/karma.conf.js": Object {
    "stateCleared": "modified",
  },
  "../ionic-app/package.json": Object {
    "stateCleared": "modified",
  },
  "../ionic-app/src/app/app-routing.module.ts": Object {
    "stateCleared": "modified",
  },
  "../ionic-app/src/app/app.component.html": Object {
    "stateCleared": "modified",
  },
  "../ionic-app/src/app/app.component.scss": Object {
    "stateCleared": "modified",
  },
  "../ionic-app/src/app/app.component.spec.ts": Object {
    "stateCleared": "modified",
  },
  "../ionic-app/src/app/app.component.ts": Object {
    "stateCleared": "modified",
  },
  "../ionic-app/src/app/app.module.ts": Object {
    "stateCleared": "modified",
  },
  "../ionic-app/src/app/interceptors/auth-expired.interceptor.ts": Object {
    "stateCleared": "modified",
  },
  "../ionic-app/src/app/interceptors/auth.interceptor.ts": Object {
    "stateCleared": "modified",
  },
  "../ionic-app/src/app/pages/account/account.module.ts": Object {
    "stateCleared": "modified",
  },
  "../ionic-app/src/app/pages/account/account.page.html": Object {
    "stateCleared": "modified",
  },
  "../ionic-app/src/app/pages/account/account.page.scss": Object {
    "stateCleared": "modified",
  },
  "../ionic-app/src/app/pages/account/account.page.spec.ts": Object {
    "stateCleared": "modified",
  },
  "../ionic-app/src/app/pages/account/account.page.ts": Object {
    "stateCleared": "modified",
  },
  "../ionic-app/src/app/pages/entities/entities.module.ts": Object {
    "stateCleared": "modified",
  },
  "../ionic-app/src/app/pages/entities/entities.page.html": Object {
    "stateCleared": "modified",
  },
  "../ionic-app/src/app/pages/entities/entities.page.scss": Object {
    "stateCleared": "modified",
  },
  "../ionic-app/src/app/pages/entities/entities.page.spec.ts": Object {
    "stateCleared": "modified",
  },
  "../ionic-app/src/app/pages/entities/entities.page.ts": Object {
    "stateCleared": "modified",
  },
  "../ionic-app/src/app/pages/home/home.module.ts": Object {
    "stateCleared": "modified",
  },
  "../ionic-app/src/app/pages/home/home.page.html": Object {
    "stateCleared": "modified",
  },
  "../ionic-app/src/app/pages/home/home.page.scss": Object {
    "stateCleared": "modified",
  },
  "../ionic-app/src/app/pages/home/home.page.spec.ts": Object {
    "stateCleared": "modified",
  },
  "../ionic-app/src/app/pages/home/home.page.ts": Object {
    "stateCleared": "modified",
  },
  "../ionic-app/src/app/pages/login/login.module.ts": Object {
    "stateCleared": "modified",
  },
  "../ionic-app/src/app/pages/login/login.page.html": Object {
    "stateCleared": "modified",
  },
  "../ionic-app/src/app/pages/login/login.page.scss": Object {
    "stateCleared": "modified",
  },
  "../ionic-app/src/app/pages/login/login.page.spec.ts": Object {
    "stateCleared": "modified",
  },
  "../ionic-app/src/app/pages/login/login.page.ts": Object {
    "stateCleared": "modified",
  },
  "../ionic-app/src/app/pages/signup/signup.module.ts": Object {
    "stateCleared": "modified",
  },
  "../ionic-app/src/app/pages/signup/signup.page.html": Object {
    "stateCleared": "modified",
  },
  "../ionic-app/src/app/pages/signup/signup.page.scss": Object {
    "stateCleared": "modified",
  },
  "../ionic-app/src/app/pages/signup/signup.page.spec.ts": Object {
    "stateCleared": "modified",
  },
  "../ionic-app/src/app/pages/signup/signup.page.ts": Object {
    "stateCleared": "modified",
  },
  "../ionic-app/src/app/pages/tabs/tabs.module.ts": Object {
    "stateCleared": "modified",
  },
  "../ionic-app/src/app/pages/tabs/tabs.page.html": Object {
    "stateCleared": "modified",
  },
  "../ionic-app/src/app/pages/tabs/tabs.page.scss": Object {
    "stateCleared": "modified",
  },
  "../ionic-app/src/app/pages/tabs/tabs.page.spec.ts": Object {
    "stateCleared": "modified",
  },
  "../ionic-app/src/app/pages/tabs/tabs.page.ts": Object {
    "stateCleared": "modified",
  },
  "../ionic-app/src/app/pages/tabs/tabs.router.module.ts": Object {
    "stateCleared": "modified",
  },
  "../ionic-app/src/app/pages/welcome/welcome.module.ts": Object {
    "stateCleared": "modified",
  },
  "../ionic-app/src/app/pages/welcome/welcome.page.html": Object {
    "stateCleared": "modified",
  },
  "../ionic-app/src/app/pages/welcome/welcome.page.scss": Object {
    "stateCleared": "modified",
  },
  "../ionic-app/src/app/pages/welcome/welcome.page.spec.ts": Object {
    "stateCleared": "modified",
  },
  "../ionic-app/src/app/pages/welcome/welcome.page.ts": Object {
    "stateCleared": "modified",
  },
  "../ionic-app/src/app/services/api/api.service.spec.ts": Object {
    "stateCleared": "modified",
  },
  "../ionic-app/src/app/services/api/api.service.ts": Object {
    "stateCleared": "modified",
  },
  "../ionic-app/src/app/services/auth/account.service.spec.ts": Object {
    "stateCleared": "modified",
  },
  "../ionic-app/src/app/services/auth/account.service.ts": Object {
    "stateCleared": "modified",
  },
  "../ionic-app/src/app/services/auth/auth-jwt.service.spec.ts": Object {
    "stateCleared": "modified",
  },
  "../ionic-app/src/app/services/auth/auth-jwt.service.ts": Object {
    "stateCleared": "modified",
  },
  "../ionic-app/src/app/services/auth/user-route-access.service.spec.ts": Object {
    "stateCleared": "modified",
  },
  "../ionic-app/src/app/services/auth/user-route-access.service.ts": Object {
    "stateCleared": "modified",
  },
  "../ionic-app/src/app/services/login/login.service.spec.ts": Object {
    "stateCleared": "modified",
  },
  "../ionic-app/src/app/services/login/login.service.ts": Object {
    "stateCleared": "modified",
  },
  "../ionic-app/src/app/services/user/user.model.ts": Object {
    "stateCleared": "modified",
  },
  "../ionic-app/src/app/services/user/user.service.spec.ts": Object {
    "stateCleared": "modified",
  },
  "../ionic-app/src/app/services/user/user.service.ts": Object {
    "stateCleared": "modified",
  },
  "../ionic-app/src/app/services/utils/data-util.service.spec.ts": Object {
    "stateCleared": "modified",
  },
  "../ionic-app/src/app/services/utils/data-util.service.ts": Object {
    "stateCleared": "modified",
  },
  "../ionic-app/src/app/shared/index.ts": Object {
    "stateCleared": "modified",
  },
  "../ionic-app/src/app/shared/util/request-util.ts": Object {
    "stateCleared": "modified",
  },
  "../ionic-app/src/assets/i18n/ar.json": Object {
    "stateCleared": "modified",
  },
  "../ionic-app/src/assets/i18n/bs.json": Object {
    "stateCleared": "modified",
  },
  "../ionic-app/src/assets/i18n/by.json": Object {
    "stateCleared": "modified",
  },
  "../ionic-app/src/assets/i18n/da.json": Object {
    "stateCleared": "modified",
  },
  "../ionic-app/src/assets/i18n/de.json": Object {
    "stateCleared": "modified",
  },
  "../ionic-app/src/assets/i18n/el.json": Object {
    "stateCleared": "modified",
  },
  "../ionic-app/src/assets/i18n/en.json": Object {
    "stateCleared": "modified",
  },
  "../ionic-app/src/assets/i18n/es-eu.json": Object {
    "stateCleared": "modified",
  },
  "../ionic-app/src/assets/i18n/es.json": Object {
    "stateCleared": "modified",
  },
  "../ionic-app/src/assets/i18n/fil.json": Object {
    "stateCleared": "modified",
  },
  "../ionic-app/src/assets/i18n/fr.json": Object {
    "stateCleared": "modified",
  },
  "../ionic-app/src/assets/i18n/he.json": Object {
    "stateCleared": "modified",
  },
  "../ionic-app/src/assets/i18n/it.json": Object {
    "stateCleared": "modified",
  },
  "../ionic-app/src/assets/i18n/ja.json": Object {
    "stateCleared": "modified",
  },
  "../ionic-app/src/assets/i18n/nb.json": Object {
    "stateCleared": "modified",
  },
  "../ionic-app/src/assets/i18n/nl.json": Object {
    "stateCleared": "modified",
  },
  "../ionic-app/src/assets/i18n/pl.json": Object {
    "stateCleared": "modified",
  },
  "../ionic-app/src/assets/i18n/pt-PT.json": Object {
    "stateCleared": "modified",
  },
  "../ionic-app/src/assets/i18n/pt-br.json": Object {
    "stateCleared": "modified",
  },
  "../ionic-app/src/assets/i18n/ru.json": Object {
    "stateCleared": "modified",
  },
  "../ionic-app/src/assets/i18n/sk.json": Object {
    "stateCleared": "modified",
  },
  "../ionic-app/src/assets/i18n/sl.json": Object {
    "stateCleared": "modified",
  },
  "../ionic-app/src/assets/i18n/sn.json": Object {
    "stateCleared": "modified",
  },
  "../ionic-app/src/assets/i18n/sv.json": Object {
    "stateCleared": "modified",
  },
  "../ionic-app/src/assets/i18n/th.json": Object {
    "stateCleared": "modified",
  },
  "../ionic-app/src/assets/i18n/tr.json": Object {
    "stateCleared": "modified",
  },
  "../ionic-app/src/assets/i18n/ua.json": Object {
    "stateCleared": "modified",
  },
  "../ionic-app/src/assets/icon/favicon.png": Object {
    "stateCleared": "modified",
  },
  "../ionic-app/src/assets/img/appicon.png": Object {
    "stateCleared": "modified",
  },
  "../ionic-app/src/assets/img/hipster.png": Object {
    "stateCleared": "modified",
  },
  "../ionic-app/src/assets/img/hipster2x.png": Object {
    "stateCleared": "modified",
  },
  "../ionic-app/src/assets/img/ionic-logo.png": Object {
    "stateCleared": "modified",
  },
  "../ionic-app/src/assets/img/jhipster-logo.png": Object {
    "stateCleared": "modified",
  },
  "../ionic-app/src/assets/img/jhipster_family_member_0.svg": Object {
    "stateCleared": "modified",
  },
  "../ionic-app/src/assets/img/jhipster_family_member_0_head-192.png": Object {
    "stateCleared": "modified",
  },
  "../ionic-app/src/assets/img/jhipster_family_member_0_head-256.png": Object {
    "stateCleared": "modified",
  },
  "../ionic-app/src/assets/img/jhipster_family_member_0_head-384.png": Object {
    "stateCleared": "modified",
  },
  "../ionic-app/src/assets/img/jhipster_family_member_0_head-512.png": Object {
    "stateCleared": "modified",
  },
  "../ionic-app/src/assets/img/jhipster_family_member_1.svg": Object {
    "stateCleared": "modified",
  },
  "../ionic-app/src/assets/img/jhipster_family_member_1_head-192.png": Object {
    "stateCleared": "modified",
  },
  "../ionic-app/src/assets/img/jhipster_family_member_1_head-256.png": Object {
    "stateCleared": "modified",
  },
  "../ionic-app/src/assets/img/jhipster_family_member_1_head-384.png": Object {
    "stateCleared": "modified",
  },
  "../ionic-app/src/assets/img/jhipster_family_member_1_head-512.png": Object {
    "stateCleared": "modified",
  },
  "../ionic-app/src/assets/img/jhipster_family_member_2.svg": Object {
    "stateCleared": "modified",
  },
  "../ionic-app/src/assets/img/jhipster_family_member_2_head-192.png": Object {
    "stateCleared": "modified",
  },
  "../ionic-app/src/assets/img/jhipster_family_member_2_head-256.png": Object {
    "stateCleared": "modified",
  },
  "../ionic-app/src/assets/img/jhipster_family_member_2_head-384.png": Object {
    "stateCleared": "modified",
  },
  "../ionic-app/src/assets/img/jhipster_family_member_2_head-512.png": Object {
    "stateCleared": "modified",
  },
  "../ionic-app/src/assets/img/jhipster_family_member_3.svg": Object {
    "stateCleared": "modified",
  },
  "../ionic-app/src/assets/img/jhipster_family_member_3_head-192.png": Object {
    "stateCleared": "modified",
  },
  "../ionic-app/src/assets/img/jhipster_family_member_3_head-256.png": Object {
    "stateCleared": "modified",
  },
  "../ionic-app/src/assets/img/jhipster_family_member_3_head-384.png": Object {
    "stateCleared": "modified",
  },
  "../ionic-app/src/assets/img/jhipster_family_member_3_head-512.png": Object {
    "stateCleared": "modified",
  },
  "../ionic-app/src/assets/img/logo.png": Object {
    "stateCleared": "modified",
  },
  "../ionic-app/src/assets/shapes.svg": Object {
    "stateCleared": "modified",
  },
  "../ionic-app/src/environments/environment.prod.ts": Object {
    "stateCleared": "modified",
  },
  "../ionic-app/src/environments/environment.ts": Object {
    "stateCleared": "modified",
  },
  "../ionic-app/src/global.scss": Object {
    "stateCleared": "modified",
  },
  "../ionic-app/src/index.html": Object {
    "stateCleared": "modified",
  },
  "../ionic-app/src/jestGlobalMocks.ts": Object {
    "stateCleared": "modified",
  },
  "../ionic-app/src/main.ts": Object {
    "stateCleared": "modified",
  },
  "../ionic-app/src/model/account.model.ts": Object {
    "stateCleared": "modified",
  },
  "../ionic-app/src/model/base-entity.ts": Object {
    "stateCleared": "modified",
  },
  "../ionic-app/src/polyfills.ts": Object {
    "stateCleared": "modified",
  },
  "../ionic-app/src/setupJest.ts": Object {
    "stateCleared": "modified",
  },
  "../ionic-app/src/setupTests.js": Object {
    "stateCleared": "modified",
  },
  "../ionic-app/src/test.ts": Object {
    "stateCleared": "modified",
  },
  "../ionic-app/src/theme/variables.scss": Object {
    "stateCleared": "modified",
  },
  "../ionic-app/src/zone-flags.ts": Object {
    "stateCleared": "modified",
  },
  "../ionic-app/tsconfig.app.json": Object {
    "stateCleared": "modified",
  },
  "../ionic-app/tsconfig.json": Object {
    "stateCleared": "modified",
  },
  "../ionic-app/tsconfig.spec.json": Object {
    "stateCleared": "modified",
  },
  "../ionic-app/tslint.json": Object {
    "stateCleared": "modified",
  },
  "../ionic-app/welcome.message.js": Object {
    "stateCleared": "modified",
  },
  ".editorconfig": Object {
    "stateCleared": "modified",
  },
  ".gitattributes": Object {
    "stateCleared": "modified",
  },
  ".gitignore": Object {
    "stateCleared": "modified",
  },
  ".husky/pre-commit": Object {
    "stateCleared": "modified",
  },
  ".lintstagedrc.js": Object {
    "stateCleared": "modified",
  },
  ".prettierignore": Object {
    "stateCleared": "modified",
  },
  ".prettierrc": Object {
    "stateCleared": "modified",
  },
  ".yo-rc.json": Object {
    "stateCleared": "modified",
  },
  "README.md": Object {
    "stateCleared": "modified",
  },
  "package.json": Object {
    "stateCleared": "modified",
  },
  "sonar-project.properties": Object {
    "stateCleared": "modified",
  },
}
`;
